
> gymappjp@0.1.0 build
> next build

Ôû▓ Next.js 16.1.6 (Turbopack)
- Environments: .env.local
- Experiments (use with caution):
  ┬À serverActions

node.exe : ÔÜá The "middleware" file convention is deprecated. Please use "proxy" instead. Learn more: 
https://nextjs.org/docs/messages/middleware-to-proxy
En línea: 1 Carácter: 1
+ & "C:\Program Files\nodejs/node.exe" "C:\Program Files\nodejs/node_mo ...
+ ~~~~~~~~~~~~~~~~~~~~~~~~~~~~~~~~~~~~~~~~~~~~~~~~~~~~~~~~~~~~~~~~~~~~~
    + CategoryInfo          : NotSpecified: (ÔÜá The "middle...leware-to-proxy:String) [], RemoteException
    + FullyQualifiedErrorId : NativeCommandError
 
  Creating an optimized production build ...
Ô£ô Compiled successfully in 34.7s
  Running TypeScript ...
  Collecting page data using 15 workers ...
  Generating static pages using 15 workers (0/49) ...
  Generating static pages using 15 workers (12/49) 
  Generating static pages using 15 workers (24/49) 
  Generating static pages using 15 workers (36/49) 
Ô£ô Generating static pages using 15 workers (49/49) in 542.0ms
  Finalizing page optimization ...

Route (app)
Ôöî Ôùï /
Ôö£ Ôùï /_not-found
Ôö£ ãÆ /admin/clients
Ôö£ ãÆ /admin/clients/delete
Ôö£ ãÆ /admin/clients/update
Ôö£ ãÆ /admin/coaches
Ôö£ ãÆ /admin/coaches/delete
Ôö£ ãÆ /admin/coaches/update
Ôö£ ãÆ /admin/dashboard
Ôö£ ãÆ /admin/login
Ôö£ ãÆ /api/coach/onboarding-events
Ôö£ ãÆ /api/manifest/[coach_slug]
Ôö£ ãÆ /api/manifest/default
Ôö£ ãÆ /api/payments/cancel-subscription
Ôö£ ãÆ /api/payments/confirm-subscription
Ôö£ ãÆ /api/payments/create-preference
Ôö£ ãÆ /api/payments/subscription-status
Ôö£ ãÆ /api/payments/webhook
Ôö£ ãÆ /api/public/exercises-count
Ôö£ ãÆ /api/recipes/search
Ôö£ ãÆ /auth/callback
Ôö£ ãÆ /c/[coach_slug]
Ôö£ ãÆ /c/[coach_slug]/change-password
Ôö£ ãÆ /c/[coach_slug]/check-in
Ôö£ ãÆ /c/[coach_slug]/dashboard
Ôö£ ãÆ /c/[coach_slug]/exercises
Ôö£ ãÆ /c/[coach_slug]/login
Ôö£ ãÆ /c/[coach_slug]/manifest.webmanifest
Ôö£ ãÆ /c/[coach_slug]/nutrition
Ôö£ ãÆ /c/[coach_slug]/onboarding
Ôö£ ãÆ /c/[coach_slug]/suspended
Ôö£ ãÆ /c/[coach_slug]/workout/[planId]
Ôö£ ãÆ /coach/builder/[clientId]
Ôö£ ãÆ /coach/clients
Ôö£ ãÆ /coach/clients/[clientId]
Ôö£ ãÆ /coach/dashboard
Ôö£ ãÆ /coach/exercises
Ôö£ ãÆ /coach/foods
Ôö£ ãÆ /coach/meal-groups
Ôö£ ãÆ /coach/nutrition-builder/[clientId]
Ôö£ ãÆ /coach/nutrition-plans
Ôö£ ãÆ /coach/nutrition-plans/[templateId]/edit
Ôö£ ãÆ /coach/nutrition-plans/client/[clientId]
Ôö£ ãÆ /coach/nutrition-plans/new
Ôö£ ãÆ /coach/reactivate
Ôö£ ãÆ /coach/recipes
Ôö£ ãÆ /coach/recipes/[recipeId]
Ôö£ ãÆ /coach/settings
Ôö£ ãÆ /coach/settings/preview
Ôö£ ãÆ /coach/subscription
Ôö£ ãÆ /coach/subscription/processing
Ôö£ ãÆ /coach/templates
Ôö£ ãÆ /coach/workout-programs
Ôö£ ãÆ /coach/workout-programs/builder
Ôö£ Ôùï /forgot-password
Ôö£ Ôùï /icon.png
Ôö£ Ôùï /legal
Ôö£ Ôùï /login
Ôö£ Ôùï /pricing
Ôö£ Ôùï /privacidad
Ôö£ Ôùï /register
Ôö£ ãÆ /registro-beta
Ôö£ Ôùï /reset-password
Ôö£ Ôùï /robots.txt
Ôöö Ôùï /sitemap.xml


ãÆ Proxy (Middleware)

Ôùï  (Static)   prerendered as static content
ãÆ  (Dynamic)  server-rendered on demand

